// Jest Snapshot v1, https://goo.gl/fbAQLP

exports[`AddResultForm Component Should render AddResultForm component 1`] = `
<div
  className="add-result"
>
  
</div>
`;
