// Jest Snapshot v1, https://goo.gl/fbAQLP

exports[`DetailTest Component Should render DetailTest component 1`] = `
<main
  className="test-detail"
>
  
</main>
`;
