// Jest Snapshot v1, https://goo.gl/fbAQLP

exports[`Detail Component Should render Detail component 1`] = `""`;
