// Jest Snapshot v1, https://goo.gl/fbAQLP

exports[`Modal Component Should render Modal component 1`] = `null`;
