// Jest Snapshot v1, https://goo.gl/fbAQLP

exports[`Profile Component Should render Profile component 1`] = `""`;
