// Jest Snapshot v1, https://goo.gl/fbAQLP

exports[`TemplateForm Component Should render TemplateForm component 1`] = `""`;
