// Jest Snapshot v1, https://goo.gl/fbAQLP

exports[`TestsDownload Component Should render TestsDownload component 1`] = `""`;
