// Jest Snapshot v1, https://goo.gl/fbAQLP

exports[`TestsTable Component Should render TestTable component 1`] = `""`;
