// Jest Snapshot v1, https://goo.gl/fbAQLP

exports[`UserDelete Component Should render UserDelete component 1`] = `
<div
  className="user-delete"
>
  <div
    className="user-delete__icon"
  />
  <h2
    className="user-delete__text"
  >
    Are you sure you want to delete this user?
  </h2>
  <div
    className="user-delete__buttons"
  >
    <button
      className="btn--positive"
      type="submit"
    >
      Confirm
    </button>
    <button
      className="btn--negative"
      type="submit"
    >
      Cancel
    </button>
  </div>
</div>
`;
